[INFO] Scanning for projects...
[INFO] 
[INFO] ------------------------< com.crs:crs-backend >-------------------------
[INFO] Building CRS Backend 1.0.0
[INFO]   from pom.xml
[INFO] --------------------------------[ jar ]---------------------------------
[WARNING] The artifact mysql:mysql-connector-java:jar:8.0.33 has been relocated to com.mysql:mysql-connector-j:jar:8.0.33: MySQL Connector/J artifacts moved to reverse-DNS compliant Maven 2+ coordinates.
[INFO] 
[INFO] --- resources:3.3.1:resources (default-resources) @ crs-backend ---
[INFO] Copying 3 resources from src/main/resources to target/classes
[INFO] Copying 34 resources from src/main/resources to target/classes
[INFO] 
[INFO] --- compiler:3.11.0:compile (default-compile) @ crs-backend ---
[INFO] Changes detected - recompiling the module! :source
[INFO] Compiling 264 source files with javac [debug release 17] to target/classes
[INFO] /Users/willawang/Desktop/我的项目/CRS演示/backend/src/main/java/com/crs/util/JwtUtil.java: 某些输入文件使用或覆盖了已过时的 API。
[INFO] /Users/willawang/Desktop/我的项目/CRS演示/backend/src/main/java/com/crs/util/JwtUtil.java: 有关详细信息, 请使用 -Xlint:deprecation 重新编译。
[INFO] /Users/willawang/Desktop/我的项目/CRS演示/backend/src/main/java/com/crs/controller/ChannelPublishController.java: /Users/willawang/Desktop/我的项目/CRS演示/backend/src/main/java/com/crs/controller/ChannelPublishController.java使用了未经检查或不安全的操作。
[INFO] /Users/willawang/Desktop/我的项目/CRS演示/backend/src/main/java/com/crs/controller/ChannelPublishController.java: 有关详细信息, 请使用 -Xlint:unchecked 重新编译。
[INFO] ------------------------------------------------------------------------
[INFO] BUILD SUCCESS
[INFO] ------------------------------------------------------------------------
[INFO] Total time:  13.337 s
[INFO] Finished at: 2026-05-11T14:29:52+08:00
[INFO] ------------------------------------------------------------------------
