[INFO] Scanning for projects...
[INFO] 
[INFO] ------------------------< com.crs:crs-backend >-------------------------
[INFO] Building CRS Backend 1.0.0
[INFO]   from pom.xml
[INFO] --------------------------------[ jar ]---------------------------------
[WARNING] The artifact mysql:mysql-connector-java:jar:8.0.33 has been relocated to com.mysql:mysql-connector-j:jar:8.0.33: MySQL Connector/J artifacts moved to reverse-DNS compliant Maven 2+ coordinates.
[INFO] 
[INFO] --- resources:3.3.1:resources (default-resources) @ crs-backend ---
[INFO] Copying 3 resources from src/main/resources to target/classes
[INFO] Copying 34 resources from src/main/resources to target/classes
[INFO] 
[INFO] --- compiler:3.11.0:compile (default-compile) @ crs-backend ---
[INFO] Nothing to compile - all classes are up to date
[INFO] ------------------------------------------------------------------------
[INFO] BUILD SUCCESS
[INFO] ------------------------------------------------------------------------
[INFO] Total time:  0.992 s
[INFO] Finished at: 2026-05-11T22:42:53+08:00
[INFO] ------------------------------------------------------------------------
